hello from integration test